#-----------------------------------------------------------
# Vivado v2024.1 (64-bit)
# SW Build 5076996 on Wed May 22 18:37:14 MDT 2024
# IP Build 5075265 on Wed May 22 21:45:21 MDT 2024
# SharedData Build 5076995 on Wed May 22 18:29:18 MDT 2024
# Start of session at: Tue Sep  3 11:35:00 2024
# Process ID: 2732
# Current directory: C:/Users/ual-laptop/Documents/GitHub/369Lab1/Project 1.2/Project 1.2.runs/synth_1
# Command line: vivado.exe -log InstructionFetchUnit.vds -product Vivado -mode batch -messageDb vivado.pb -notrace -source InstructionFetchUnit.tcl
# Log file: C:/Users/ual-laptop/Documents/GitHub/369Lab1/Project 1.2/Project 1.2.runs/synth_1/InstructionFetchUnit.vds
# Journal file: C:/Users/ual-laptop/Documents/GitHub/369Lab1/Project 1.2/Project 1.2.runs/synth_1\vivado.jou
# Running On        :UAL-MJ0F9HYN
# Platform          :Windows Server 2016 or Windows 10
# Operating System  :22631
# Processor Detail  :11th Gen Intel(R) Core(TM) i5-1135G7 @ 2.40GHz
# CPU Frequency     :2419 MHz
# CPU Physical cores:4
# CPU Logical cores :8
# Host memory       :8273 MB
# Swap memory       :4870 MB
# Total Virtual     :13143 MB
# Available Virtual :2624 MB
#-----------------------------------------------------------
source InstructionFetchUnit.tcl -notrace
