#-----------------------------------------------------------
# Vivado v2024.1 (64-bit)
# SW Build 5076996 on Wed May 22 18:37:14 MDT 2024
# IP Build 5075265 on Wed May 22 21:45:21 MDT 2024
# SharedData Build 5076995 on Wed May 22 18:29:18 MDT 2024
# Start of session at: Tue Sep 10 11:27:50 2024
# Process ID: 26884
# Current directory: C:/Users/mares/OneDrive/Documents/GitHub/369Lab1/Project 1.2/Project 1.2.runs/synth_1
# Command line: vivado.exe -log Top.vds -product Vivado -mode batch -messageDb vivado.pb -notrace -source Top.tcl
# Log file: C:/Users/mares/OneDrive/Documents/GitHub/369Lab1/Project 1.2/Project 1.2.runs/synth_1/Top.vds
# Journal file: C:/Users/mares/OneDrive/Documents/GitHub/369Lab1/Project 1.2/Project 1.2.runs/synth_1\vivado.jou
# Running On        :DESKTOP-UHPRA57
# Platform          :Windows Server 2016 or Windows 10
# Operating System  :22631
# Processor Detail  :Intel(R) Core(TM) i5-8350U CPU @ 1.70GHz
# CPU Frequency     :1896 MHz
# CPU Physical cores:4
# CPU Logical cores :8
# Host memory       :8502 MB
# Swap memory       :12348 MB
# Total Virtual     :20850 MB
# Available Virtual :5049 MB
#-----------------------------------------------------------
source Top.tcl -notrace
